default:
  1: |
    app.kubernetes.io/instance: RELEASE-NAME
    app.kubernetes.io/managed-by: Helm
    app.kubernetes.io/name: semantic-search-searcher
    app.kubernetes.io/version: 0.0.0
    application: semantic-search-searcher
    helm.sh/chart: semantic-search-searcher-0.0.0
  2: |
    null
  3: |
    ports:
    - name: http
      port: 80
      protocol: TCP
      targetPort: http
    selector:
      app.kubernetes.io/instance: RELEASE-NAME
      app.kubernetes.io/name: semantic-search-searcher
    type: ClusterIP
